// Jest Snapshot v1, https://goo.gl/fbAQLP

exports[`pages/[code].tsx matches snapshot 1`] = `
<DocumentFragment>
  <div
    class="jsx-1975243687 container"
  >
    <main
      class="jsx-1975243687"
    >
      <div
        class="jsx-1975243687 main-content"
      >
        <div
          class="jsx-1369873609 title"
        >
          <h2
            class="jsx-1369873609"
          >
            <span
              class="jsx-1369873609"
              style="text-shadow: 0 0 10px cyan;"
            >
              🚀
            </span>
            <span
              class="jsx-1369873609"
              style="text-shadow: 0 0 10px #ff0000d9;"
            >
              🦀
            </span>
          </h2>
          <h2
            class="jsx-1369873609 party-url"
          >
            rocketcrab.com
          </h2>
        </div>
        <div
          class="jsx-3429833361 loading-container"
        >
          <span
            class="jsx-3429833361 loading"
          >
            <i
              class="jsx-3429833361"
            />
            <i
              class="jsx-3429833361"
            />
            <i
              class="jsx-3429833361"
            />
          </span>
        </div>
      </div>
      <div
        class="jsx-1975243687 height-expander"
      />
    </main>
    <footer
      class="jsx-3128977650"
      style="margin-top: 1em;"
    >
      rocketcrab by 
      <a
        class="jsx-3128977650"
        href="https://www.tannerkrewson.com/"
        rel="noopener noreferrer"
        target="_blank"
      >
        Tanner Krewson
      </a>
      <br
        class="jsx-3128977650"
      />
      <a
        class="jsx-3128977650"
        href="https://github.com/tannerkrewson/rocketcrab"
        rel="noopener noreferrer"
        target="_blank"
      >
        View on GitHub
      </a>
    </footer>
  </div>
</DocumentFragment>
`;
