// Jest Snapshot v1, https://goo.gl/fbAQLP

exports[`pages/[code].tsx matches snapshot 1`] = `
<DocumentFragment>
  <div
    class="jsx-1855009027 container"
  >
    <main
      class="jsx-1855009027"
    >
      <div
        class="jsx-1855009027 main-content"
      >
        <div
          class="jsx-1758552329 title"
        >
          <div
            class="jsx-1758552329"
            style="margin: .5em;"
          >
            <img
              class="jsx-1758552329 rocket"
              src="/rocket.svg"
            />
            <img
              class="jsx-1758552329 crab"
              src="/crab.svg"
            />
          </div>
          <div
            class="jsx-418573366 tooltip "
          >
            <h2
              class="jsx-1758552329 party-url"
            >
              rocketcrab.com
            </h2>
          </div>
        </div>
        <div
          class="jsx-3429833361 loading-container"
        >
          <span
            class="jsx-3429833361 loading"
          >
            <i
              class="jsx-3429833361"
            />
            <i
              class="jsx-3429833361"
            />
            <i
              class="jsx-3429833361"
            />
          </span>
        </div>
      </div>
      <div
        class="jsx-1855009027 height-expander"
      />
    </main>
    <footer
      class="jsx-3128977650"
      style="margin-top: 1em;"
    >
      rocketcrab by 
      <a
        class="jsx-3128977650"
        href="https://www.tannerkrewson.com/"
        rel="noopener noreferrer"
        target="_blank"
      >
        Tanner Krewson
      </a>
      <br
        class="jsx-3128977650"
      />
      <a
        class="jsx-3128977650"
        href="https://github.com/tannerkrewson/rocketcrab"
        rel="noopener noreferrer"
        target="_blank"
      >
        View on GitHub
      </a>
    </footer>
  </div>
</DocumentFragment>
`;
