// Jest Snapshot v1, https://goo.gl/fbAQLP

exports[`pages/index.tsx matches snapshot 1`] = `
<DocumentFragment>
  <div
    class="flex min-h-svh items-center flex-col"
  >
    <div
      class="flex flex-col justify-center flex-1 max-w-md px-2 w-full"
    >
      <div
        class="jsx-4268528184 title mt-3"
      >
        <div
          class="jsx-4268528184 flex justify-center items-center"
        >
          <img
            alt="rocketcrab logo"
            class="jsx-4268528184 rocket"
            src="/rocket.svg"
          />
          <img
            alt="rocketcrab logo"
            class="jsx-4268528184 crab"
            src="/crab.svg"
          />
        </div>
        <div>
          <div
            style="display: inline-block; white-space: nowrap;"
          >
            <div
              aria-expanded="false"
              class="z-10 aria-expanded:scale-[0.97] aria-expanded:opacity-70 subpixel-antialiased jsx-4268528184 party-url font-bold my-2"
              data-slot="trigger"
              type="button"
            >
              rocketcrab.com
            </div>
          </div>
        </div>
      </div>
      <div
        class="jsx-890958437 description"
      >
        party games for phones
      </div>
      <div
        class="jsx-890958437 flex justify-center space-x-2"
      >
        <a
          href="/join"
        >
          <div>
            <button
              class="z-0 group relative inline-flex items-center justify-center box-border appearance-none select-none whitespace-nowrap font-normal subpixel-antialiased overflow-hidden tap-highlight-transparent data-[pressed=true]:scale-[0.97] outline-none data-[focus-visible=true]:z-10 data-[focus-visible=true]:outline-2 data-[focus-visible=true]:outline-focus data-[focus-visible=true]:outline-offset-2 border-medium px-6 min-w-24 h-12 text-medium gap-3 rounded-large [&>svg]:max-w-[theme(spacing.8)] transition-transform-colors-opacity motion-reduce:transition-none border-default bg-default-100 text-default-foreground data-[hover=true]:opacity-hover"
              type="button"
            >
               Join Party 
            </button>
          </div>
        </a>
        <button
          class="z-0 group relative inline-flex items-center justify-center box-border appearance-none select-none whitespace-nowrap font-normal subpixel-antialiased overflow-hidden tap-highlight-transparent data-[pressed=true]:scale-[0.97] outline-none data-[focus-visible=true]:z-10 data-[focus-visible=true]:outline-2 data-[focus-visible=true]:outline-focus data-[focus-visible=true]:outline-offset-2 border-medium px-6 min-w-24 h-12 text-medium gap-3 rounded-large [&>svg]:max-w-[theme(spacing.8)] transition-transform-colors-opacity motion-reduce:transition-none border-default bg-default-100 text-default-foreground data-[hover=true]:opacity-hover"
          type="button"
        >
          Start Party
        </button>
      </div>
      <span
        aria-hidden="true"
        class="w-px h-px block"
        style="margin-left: 0.25rem; margin-top: 2rem;"
      />
      <div
        class="jsx-890958437 btn-col space-y-2"
      >
        <button
          class="z-0 group relative inline-flex items-center justify-center box-border appearance-none select-none whitespace-nowrap font-normal subpixel-antialiased overflow-hidden tap-highlight-transparent data-[pressed=true]:scale-[0.97] outline-none data-[focus-visible=true]:z-10 data-[focus-visible=true]:outline-2 data-[focus-visible=true]:outline-focus data-[focus-visible=true]:outline-offset-2 border-medium px-4 min-w-20 h-10 text-small gap-2 rounded-medium [&>svg]:max-w-[theme(spacing.8)] transition-transform-colors-opacity motion-reduce:transition-none border-default bg-default-100 text-default-foreground data-[hover=true]:opacity-hover"
          type="button"
        >
          Add 🚀🦀 App
        </button>
        <a
          class="link"
          href="https://kids.rocketcrab.com/"
          rel="noopener noreferrer"
          style="line-height: 0;"
          target="_blank"
        >
          <button
            class="z-0 group relative inline-flex items-center justify-center box-border appearance-none select-none whitespace-nowrap font-normal subpixel-antialiased overflow-hidden tap-highlight-transparent data-[pressed=true]:scale-[0.97] outline-none data-[focus-visible=true]:z-10 data-[focus-visible=true]:outline-2 data-[focus-visible=true]:outline-focus data-[focus-visible=true]:outline-offset-2 border-medium px-4 min-w-20 h-10 text-small gap-2 rounded-medium w-full [&>svg]:max-w-[theme(spacing.8)] transition-transform-colors-opacity motion-reduce:transition-none border-default bg-default-100 text-default-foreground data-[hover=true]:opacity-hover"
            type="button"
          >
            🧒 Try Kids Mode
          </button>
        </a>
        <a
          class="link"
          href="https://github.com/tannerkrewson/rocketcrab/#-for-developers"
          rel="noopener noreferrer"
          style="line-height: 0;"
          target="_blank"
        >
          <button
            class="z-0 group relative inline-flex items-center justify-center box-border appearance-none select-none whitespace-nowrap font-normal subpixel-antialiased overflow-hidden tap-highlight-transparent data-[pressed=true]:scale-[0.97] outline-none data-[focus-visible=true]:z-10 data-[focus-visible=true]:outline-2 data-[focus-visible=true]:outline-focus data-[focus-visible=true]:outline-offset-2 border-medium px-4 min-w-20 h-10 text-small gap-2 rounded-medium w-full [&>svg]:max-w-[theme(spacing.8)] transition-transform-colors-opacity motion-reduce:transition-none border-default bg-default-100 text-default-foreground data-[hover=true]:opacity-hover"
            type="button"
          >
            Add your game
          </button>
        </a>
        <a
          href="/library"
        >
          <div>
            <button
              class="z-0 group relative inline-flex items-center justify-center box-border appearance-none select-none whitespace-nowrap font-normal subpixel-antialiased overflow-hidden tap-highlight-transparent data-[pressed=true]:scale-[0.97] outline-none data-[focus-visible=true]:z-10 data-[focus-visible=true]:outline-2 data-[focus-visible=true]:outline-focus data-[focus-visible=true]:outline-offset-2 border-medium px-4 min-w-20 h-10 text-small gap-2 rounded-medium w-full [&>svg]:max-w-[theme(spacing.8)] transition-transform-colors-opacity motion-reduce:transition-none border-default bg-default-100 text-default-foreground data-[hover=true]:opacity-hover"
              type="button"
            >
              Browse Games
            </button>
          </div>
        </a>
      </div>
      <span
        aria-hidden="true"
        class="w-px h-px block"
        style="margin-left: 0.25rem; margin-top: 0.125rem;"
      />
    </div>
    <div
      class="w-full"
    >
      <footer
        class="jsx-3899203255"
        style="margin-top: 1em;"
      >
        <div
          class="jsx-3899203255 side"
        />
        <div
          class="jsx-3899203255 tag"
        >
          rocketcrab by 
          <a
            href="https://www.tannerkrewson.com/"
            rel="noopener noreferrer"
            target="_blank"
          >
            Tanner Krewson
          </a>
          <br
            class="jsx-3899203255"
          />
          <a
            class="jsx-3899203255"
            href="https://github.com/tannerkrewson/rocketcrab"
            rel="noopener noreferrer"
            target="_blank"
          >
            View on GitHub
          </a>
        </div>
        <div
          class="jsx-3899203255 side"
        >
          <div
            class="jsx-3899203255 theme-toggle"
          >
            <label
              class="group relative max-w-fit inline-flex items-center justify-start cursor-pointer touch-none tap-highlight-transparent"
              data-selected="true"
            >
              <span
                style="border: 0px; clip-path: inset(50%); height: 1px; margin: -1px; overflow: hidden; padding: 0px; position: absolute; width: 1px; white-space: nowrap;"
              >
                <input
                  aria-labelledby=":r1:"
                  checked=""
                  role="switch"
                  type="checkbox"
                  value=""
                />
              </span>
              <span
                aria-hidden="true"
                class="px-1 relative inline-flex items-center justify-start flex-shrink-0 overflow-hidden bg-default-200 rounded-full outline-none group-data-[focus-visible=true]:z-10 group-data-[focus-visible=true]:ring-2 group-data-[focus-visible=true]:ring-focus group-data-[focus-visible=true]:ring-offset-2 group-data-[focus-visible=true]:ring-offset-background group-data-[selected=true]:bg-primary group-data-[selected=true]:text-primary-foreground w-12 h-7 mr-2 rtl:ml-2 rtl:mr-[unset] transition-background"
              >
                <span
                  class="z-0 absolute left-1.5 rtl:right-1.5 rtl:left-[unset] text-current text-small opacity-0 scale-50 transition-transform-opacity group-data-[selected=true]:scale-100 group-data-[selected=true]:opacity-100"
                  height="1em"
                  width="1em"
                >
                  ☀️
                </span>
                <span
                  class="z-10 flex items-center justify-center bg-white shadow-small rounded-full origin-right w-5 h-5 text-small group-data-[selected=true]:ml-5 rtl:group-data-[selected=true]:ml-0 rtl:group-data-[selected=true]:mr-5 transition-all group-data-[pressed=true]:w-6 group-data-[selected]:group-data-[pressed]:ml-4"
                />
                <span
                  class="z-0 absolute right-1.5 rtl:left-1.5 rtl:right-[unset] text-default-600 text-small opacity-100 transition-transform-opacity group-data-[selected=true]:translate-x-3 group-data-[selected=true]:opacity-0"
                  height="1em"
                  width="1em"
                >
                  🌙
                </span>
              </span>
            </label>
          </div>
        </div>
      </footer>
    </div>
  </div>
</DocumentFragment>
`;
