// Jest Snapshot v1, https://goo.gl/fbAQLP

exports[`pages/index.tsx matches snapshot 1`] = `
<DocumentFragment>
  <div
    class="jsx-1855009027 container"
  >
    <main
      class="jsx-1855009027"
    >
      <div
        class="jsx-1855009027 main-content"
      >
        <div
          class="jsx-1031890861 title"
        >
          <h2
            class="jsx-1031890861"
          >
            <span
              class="jsx-1031890861"
              style="text-shadow: 0 0 10px cyan;"
            >
              🚀
            </span>
            <span
              class="jsx-1031890861"
              style="text-shadow: 0 0 10px #ff0000d9;"
            >
              🦀
            </span>
          </h2>
          <div
            class="jsx-418573366 tooltip "
          >
            <h2
              class="jsx-1031890861 party-url"
            >
              rocketcrab.com
            </h2>
          </div>
        </div>
        <div
          class="jsx-1456828746 description"
        >
          party games for phones
        </div>
        <div
          class="jsx-1938348541 item justify jsx-1720607024 "
        >
          <div
            class="jsx-974242038 item  jsx-4216129763 "
          >
            <div>
              <button
                class="jsx-2230649419 btn "
                href="/join"
                type="button"
              >
                <div
                  class="text"
                >
                  Join Party
                </div>
              </button>
            </div>
          </div>
          <div
            class="jsx-974242038 item  jsx-4216129763 "
          >
            <button
              class="jsx-2230649419 btn "
              type="button"
            >
              <div
                class="text"
              >
                New Party
              </div>
            </button>
          </div>
        </div>
        <span
          class="jsx-870436695 "
        />
        <div
          class="jsx-1938348541 item justify jsx-1720607024 "
        >
          <div
            class="jsx-974242038 item  jsx-4216129763 "
          >
            <button
              class="jsx-459415554 btn btn-small btn-vertical"
              type="button"
            >
              <div
                class="text"
              >
                Add 🚀🦀 App
              </div>
            </button>
          </div>
        </div>
        <span
          class="jsx-3462447556 "
        />
        <div
          class="jsx-1456828746 links"
        >
          <a
            class="jsx-1456828746 link"
            href="https://discord.gg/MvYRVCP"
            rel="noopener noreferrer"
            target="_blank"
          >
            Discord
          </a>
          <span
            class="jsx-1456828746 spacer"
          >
            |
          </span>
          <a
            class="jsx-1456828746 link"
            href="https://github.com/tannerkrewson/rocketcrab/#-for-developers"
            rel="noopener noreferrer"
            target="_blank"
          >
            Developers
          </a>
          <span
            class="jsx-1456828746 spacer"
          >
            |
          </span>
          <span
            class="jsx-1456828746 link"
          >
            <a
              href="/library"
            >
              Browse Games
            </a>
          </span>
        </div>
      </div>
    </main>
    <footer
      class="jsx-3128977650"
      style="margin-top: 1em;"
    >
      rocketcrab by 
      <a
        class="jsx-3128977650"
        href="https://www.tannerkrewson.com/"
        rel="noopener noreferrer"
        target="_blank"
      >
        Tanner Krewson
      </a>
      <br
        class="jsx-3128977650"
      />
      <a
        class="jsx-3128977650"
        href="https://github.com/tannerkrewson/rocketcrab"
        rel="noopener noreferrer"
        target="_blank"
      >
        View on GitHub
      </a>
    </footer>
  </div>
</DocumentFragment>
`;
