// Jest Snapshot v1, https://goo.gl/fbAQLP

exports[`pages/library.tsx matches snapshot 1`] = `
<DocumentFragment>
  <div
    class="flex min-h-svh items-center flex-col"
  >
    <div
      class="flex flex-col justify-center flex-1 max-w-md px-2 w-full"
    >
      <div
        class="jsx-4268528184 title mt-3"
      >
        <div
          class="jsx-4268528184 flex justify-center items-center"
        >
          <img
            alt="rocketcrab logo"
            class="jsx-4268528184 rocket"
            src="/rocket.svg"
          />
          <img
            alt="rocketcrab logo"
            class="jsx-4268528184 crab"
            src="/crab.svg"
          />
        </div>
        <div>
          <div
            style="display: inline-block; white-space: nowrap;"
          >
            <div
              aria-expanded="false"
              class="z-10 aria-expanded:scale-[0.97] aria-expanded:opacity-70 subpixel-antialiased jsx-4268528184 party-url font-bold my-2"
              data-slot="trigger"
              type="button"
            >
              rocketcrab.com
            </div>
          </div>
        </div>
      </div>
      <div
        style="text-align: center; justify-content: center;"
      >
        <span
          aria-hidden="true"
          class="w-px h-px block"
          style="margin-left: 0.25rem; margin-top: 0.5rem;"
        />
        <h4>
          Games
        </h4>
        <span
          aria-hidden="true"
          class="w-px h-px block"
          style="margin-left: 0.25rem; margin-top: 0.25rem;"
        />
        <div
          class="group flex flex-col data-[hidden=true]:hidden w-full group relative justify-end data-[has-label=true]:mt-[calc(theme(fontSize.small)_+_12px)]"
          data-filled="true"
          data-filled-within="true"
          data-slot="base"
        >
          <div
            class="h-full flex flex-col"
            data-slot="main-wrapper"
          >
            <div
              class="relative w-full inline-flex tap-highlight-transparent flex-row items-center shadow-sm px-3 gap-3 bg-default-100 data-[hover=true]:bg-default-200 group-data-[focus=true]:bg-default-100 h-12 min-h-12 rounded-large transition-background motion-reduce:transition-none !duration-150 outline-none group-data-[focus-visible=true]:z-10 group-data-[focus-visible=true]:ring-2 group-data-[focus-visible=true]:ring-focus group-data-[focus-visible=true]:ring-offset-2 group-data-[focus-visible=true]:ring-offset-background"
              data-slot="input-wrapper"
              style="cursor: text;"
            >
              <div
                class="inline-flex w-full items-center h-full box-border"
                data-slot="inner-wrapper"
              >
                <input
                  aria-label="Search"
                  class="w-full font-normal bg-transparent !outline-none placeholder:text-foreground-500 focus-visible:outline-none data-[has-start-content=true]:ps-1.5 data-[has-end-content=true]:pe-1.5 file:cursor-pointer file:bg-transparent file:border-0 autofill:bg-transparent bg-clip-text text-medium group-data-[has-value=true]:text-default-foreground"
                  data-slot="input"
                  id="react-aria-:r1:"
                  placeholder="Search"
                  type="text"
                  value=""
                  width="100%"
                />
              </div>
            </div>
          </div>
        </div>
        <span
          aria-hidden="true"
          class="w-px h-px block"
          style="margin-left: 0.25rem; margin-top: 0.25rem;"
        />
        <div
          class="my-8 mx-2 grid gap-3 grid-cols-2"
        />
        <span
          aria-hidden="true"
          class="w-px h-px block"
          style="margin-left: 0.25rem; margin-top: 0.25rem;"
        />
        <button
          class="z-0 group relative inline-flex items-center justify-center box-border appearance-none select-none whitespace-nowrap font-normal subpixel-antialiased overflow-hidden tap-highlight-transparent data-[pressed=true]:scale-[0.97] outline-none data-[focus-visible=true]:z-10 data-[focus-visible=true]:outline-2 data-[focus-visible=true]:outline-focus data-[focus-visible=true]:outline-offset-2 border-medium px-4 min-w-20 h-10 text-small gap-2 rounded-medium [&>svg]:max-w-[theme(spacing.8)] transition-transform-colors-opacity motion-reduce:transition-none border-default bg-default-100 text-default-foreground data-[hover=true]:opacity-hover"
          type="button"
        >
          ↩️ Back to rocketcrab.com
        </button>
      </div>
    </div>
    <div
      class="w-full"
    >
      <footer
        class="jsx-890225678"
        style="margin-top: 1em;"
      >
        <div
          class="jsx-890225678 side"
        />
        <div
          class="jsx-890225678 tag"
        >
          rocketcrab by 
          <a
            href="https://www.tannerkrewson.com/"
            rel="noopener noreferrer"
            target="_blank"
          >
            Tanner Krewson
          </a>
          <br
            class="jsx-890225678"
          />
          <a
            class="jsx-890225678"
            href="https://github.com/tannerkrewson/rocketcrab"
            rel="noopener noreferrer"
            target="_blank"
          >
            View on GitHub
          </a>
        </div>
        <div
          class="jsx-890225678 side"
        >
          <div
            class="jsx-890225678 theme-toggle"
          >
            <label
              class="group relative max-w-fit inline-flex items-center justify-start cursor-pointer touch-none tap-highlight-transparent"
              data-selected="true"
            >
              <span
                style="border: 0px; clip-path: inset(50%); height: 1px; margin: -1px; overflow: hidden; padding: 0px; position: absolute; width: 1px; white-space: nowrap;"
              >
                <input
                  aria-labelledby=":r6:"
                  checked=""
                  role="switch"
                  type="checkbox"
                  value=""
                />
              </span>
              <span
                aria-hidden="true"
                class="px-1 relative inline-flex items-center justify-start flex-shrink-0 overflow-hidden bg-default-200 rounded-full outline-none group-data-[focus-visible=true]:z-10 group-data-[focus-visible=true]:ring-2 group-data-[focus-visible=true]:ring-focus group-data-[focus-visible=true]:ring-offset-2 group-data-[focus-visible=true]:ring-offset-background group-data-[selected=true]:bg-primary group-data-[selected=true]:text-primary-foreground w-12 h-7 mr-2 rtl:ml-2 rtl:mr-[unset] transition-background"
              >
                <span
                  class="z-0 absolute left-1.5 rtl:right-1.5 rtl:left-[unset] text-current text-small opacity-0 scale-50 transition-transform-opacity group-data-[selected=true]:scale-100 group-data-[selected=true]:opacity-100"
                  height="1em"
                  width="1em"
                >
                  ☀️
                </span>
                <span
                  class="z-10 flex items-center justify-center bg-white shadow-small rounded-full origin-right w-5 h-5 text-small group-data-[selected=true]:ml-5 rtl:group-data-[selected=true]:ml-0 rtl:group-data-[selected=true]:mr-5 transition-all group-data-[pressed=true]:w-6 group-data-[selected]:group-data-[pressed]:ml-4"
                />
                <span
                  class="z-0 absolute right-1.5 rtl:left-1.5 rtl:right-[unset] text-default-600 text-small opacity-100 transition-transform-opacity group-data-[selected=true]:translate-x-3 group-data-[selected=true]:opacity-0"
                  height="1em"
                  width="1em"
                >
                  🌙
                </span>
              </span>
            </label>
          </div>
        </div>
      </footer>
    </div>
  </div>
</DocumentFragment>
`;
